// Jest Snapshot v1, https://goo.gl/fbAQLP

exports[` spinner.component spec  1`] = `<DocumentFragment />`;
